E1 build started
  正在确定要还原的项目…
  所有项目均是最新的，无法还原。
  GodogenLab -> E:\Project\game-002-godogen-lab\game\.godot\mono\temp\bin\Debug\GodogenLab.dll

已成功生成。
    0 个警告
    0 个错误

已用时间 00:00:00.81
Godot Engine v4.7.2.stable.mono.official.ed1daf0bf - https://godotengine.org

[   0% ] [90m[1mfirst_scan_filesystem[22m | Started 项目初始化 (5 steps)[39m[0m
[   0% ] [90m[1mfirst_scan_filesystem[22m | 正在扫描文件结构……[39m[0m
[  16% ] [90m[1mfirst_scan_filesystem[22m | 正在加载全局类名……[39m[0m
[  33% ] [90m[1mfirst_scan_filesystem[22m | 正在校验 GDExtension……[39m[0m
[  50% ] [90m[1mfirst_scan_filesystem[22m | 正在创建自动加载脚本……[39m[0m
[  66% ] [90m[1mfirst_scan_filesystem[22m | 正在初始化插件……[39m[0m
[  83% ] [90m[1mfirst_scan_filesystem[22m | 正在启动文件扫描……[39m[0m
[92m[ DONE ][39m [1mfirst_scan_filesystem[22m
[0m
[   0% ] [90m[1m_update_scan_actions[22m | Started 正在扫描动作…… (4 steps)[39m[0m
[   0% ] [90m[1m_update_scan_actions[22m | e1_base_wood_base.png[39m[0m
[  20% ] [90m[1m_update_scan_actions[22m | e1_ink_map_ink.png[39m[0m
[  40% ] [90m[1m_update_scan_actions[22m | e1_ink_paper_ink.png[39m[0m
[  60% ] [90m[1m_update_scan_actions[22m | e1_ink_wood_ink.png[39m[0m
[92m[ DONE ][39m [1m_update_scan_actions[22m
[0m
[   0% ] [90m[1mloading_editor_layout[22m | Started 正在加载编辑器 (5 steps)[39m[0m
[   0% ] [90m[1mloading_editor_layout[22m | 正在加载编辑器布局……[39m[0m
[  16% ] [90m[1mloading_editor_layout[22m | 正在加载停靠面板……[39m[0m
[92m[ DONE ][39m [1mloading_editor_layout[22m
[0m
Godot Engine v4.7.2.stable.mono.official.ed1daf0bf - https://godotengine.org

E1_PACK_base=PASS nodes_before=115 nodes_after=115
E1_PACK_ink=PASS nodes_before=115 nodes_after=115
Godot Engine v4.7.2.stable.mono.official.ed1daf0bf - https://godotengine.org

E1_HEADLESS_ASSET=PASS UI checks require native viewport
